[      30ms] [INFO] %cDownload the React DevTools for a better development experience: https://react.dev/link/react-devtools font-weight:bold @ http://localhost:5173/node_modules/.vite/deps/react-dom_client.js?v=55dba5f4:15804
[ 1127455ms] [LOG] [vite] server connection lost. Polling for restart... @ http://localhost:5173/@vite/client:1030
[ 1127583ms] [INFO] %cDownload the React DevTools for a better development experience: https://react.dev/link/react-devtools font-weight:bold @ http://localhost:5173/node_modules/.vite/deps/react-dom_client.js?v=55dba5f4:15804
[ 1837666ms] [INFO] %cDownload the React DevTools for a better development experience: https://react.dev/link/react-devtools font-weight:bold @ http://localhost:5173/node_modules/.vite/deps/react-dom_client.js?v=43bf316a:15804
[ 4074515ms] [ERROR] Failed to load resource: net::ERR_CONNECTION_RESET @ http://localhost:5173/src/components/LessonShell.tsx?t=1789266882631:0
[ 4074515ms] [ERROR] [vite] Failed to reload /src/components/LessonShell.tsx. This could be due to syntax errors or importing non-existent modules. (see errors above) @ http://localhost:5173/@vite/client:298
[ 4074516ms] [LOG] [vite] server connection lost. Polling for restart... @ http://localhost:5173/@vite/client:1030
[14277947ms] [INFO] %cDownload the React DevTools for a better development experience: https://react.dev/link/react-devtools font-weight:bold @ http://localhost:5173/node_modules/.vite/deps/react-dom_client.js?v=98f65651:15804
[14443494ms] [LOG] [vite] server connection lost. Polling for restart... @ http://localhost:5173/@vite/client:1030
[14443742ms] [INFO] %cDownload the React DevTools for a better development experience: https://react.dev/link/react-devtools font-weight:bold @ http://localhost:5173/node_modules/.vite/deps/react-dom_client.js?v=98f65651:15804
[14736842ms] [LOG] [vite] server connection lost. Polling for restart... @ http://localhost:5173/@vite/client:1030
[14737027ms] [INFO] %cDownload the React DevTools for a better development experience: https://react.dev/link/react-devtools font-weight:bold @ http://localhost:5173/node_modules/.vite/deps/react-dom_client.js?v=98f65651:15804
[16546227ms] [LOG] [vite] server connection lost. Polling for restart... @ http://localhost:5173/@vite/client:1030
[16546412ms] [INFO] %cDownload the React DevTools for a better development experience: https://react.dev/link/react-devtools font-weight:bold @ http://localhost:5173/node_modules/.vite/deps/react-dom_client.js?v=98f65651:15804
[16818811ms] [LOG] [vite] server connection lost. Polling for restart... @ http://localhost:5173/@vite/client:1030
[16819040ms] [INFO] %cDownload the React DevTools for a better development experience: https://react.dev/link/react-devtools font-weight:bold @ http://localhost:5173/node_modules/.vite/deps/react-dom_client.js?v=98f65651:15804
[16984427ms] [LOG] [vite] server connection lost. Polling for restart... @ http://localhost:5173/@vite/client:1030
[16984611ms] [INFO] %cDownload the React DevTools for a better development experience: https://react.dev/link/react-devtools font-weight:bold @ http://localhost:5173/node_modules/.vite/deps/react-dom_client.js?v=98f65651:15804
[17403188ms] [LOG] [vite] server connection lost. Polling for restart... @ http://localhost:5173/@vite/client:1030
[17403276ms] [INFO] %cDownload the React DevTools for a better development experience: https://react.dev/link/react-devtools font-weight:bold @ http://localhost:5173/node_modules/.vite/deps/react-dom_client.js?v=98f65651:15804
[20498269ms] [LOG] [vite] server connection lost. Polling for restart... @ http://localhost:5173/@vite/client:1030
[20498333ms] [INFO] %cDownload the React DevTools for a better development experience: https://react.dev/link/react-devtools font-weight:bold @ http://localhost:5173/node_modules/.vite/deps/react-dom_client.js?v=98f65651:15804
[23035276ms] [LOG] [vite] server connection lost. Polling for restart... @ http://localhost:5173/@vite/client:1030
[23035447ms] [INFO] %cDownload the React DevTools for a better development experience: https://react.dev/link/react-devtools font-weight:bold @ http://localhost:5173/node_modules/.vite/deps/react-dom_client.js?v=98f65651:15804
[23047994ms] [LOG] [vite] server connection lost. Polling for restart... @ http://localhost:5173/@vite/client:1030
[23048084ms] [INFO] %cDownload the React DevTools for a better development experience: https://react.dev/link/react-devtools font-weight:bold @ http://localhost:5173/node_modules/.vite/deps/react-dom_client.js?v=98f65651:15804
[24391162ms] [LOG] [vite] server connection lost. Polling for restart... @ http://localhost:5173/@vite/client:1030
[24391450ms] [INFO] %cDownload the React DevTools for a better development experience: https://react.dev/link/react-devtools font-weight:bold @ http://localhost:5173/node_modules/.vite/deps/react-dom_client.js?v=98f65651:15804
[24842441ms] [LOG] [vite] server connection lost. Polling for restart... @ http://localhost:5173/@vite/client:1030
[24842575ms] [INFO] %cDownload the React DevTools for a better development experience: https://react.dev/link/react-devtools font-weight:bold @ http://localhost:5173/node_modules/.vite/deps/react-dom_client.js?v=98f65651:15804
[26201834ms] [ERROR] Failed to load resource: the server responded with a status of 404 (Not Found) @ http://localhost:5173/src/game-framework/audio.ts?t=1789289009990:0
[26201835ms] [ERROR] [vite] Failed to reload /src/game/ExecuteLevel.tsx. This could be due to syntax errors or importing non-existent modules. (see errors above) @ http://localhost:5173/@vite/client:962
[27523630ms] [LOG] [vite] server connection lost. Polling for restart... @ http://localhost:5173/@vite/client:1030
[27523924ms] [INFO] %cDownload the React DevTools for a better development experience: https://react.dev/link/react-devtools font-weight:bold @ http://localhost:5173/node_modules/.vite/deps/react-dom_client.js?v=98f65651:15804
[33653044ms] [LOG] [vite] server connection lost. Polling for restart... @ http://localhost:5173/@vite/client:1030
[33653497ms] [INFO] %cDownload the React DevTools for a better development experience: https://react.dev/link/react-devtools font-weight:bold @ http://localhost:5173/node_modules/.vite/deps/react-dom_client.js?v=98f65651:15804
[35391480ms] [LOG] [vite] server connection lost. Polling for restart... @ http://localhost:5173/@vite/client:1030
[35391746ms] [INFO] %cDownload the React DevTools for a better development experience: https://react.dev/link/react-devtools font-weight:bold @ http://localhost:5173/node_modules/.vite/deps/react-dom_client.js?v=98f65651:15804
[36036359ms] [LOG] [vite] server connection lost. Polling for restart... @ http://localhost:5173/@vite/client:1030
[36036584ms] [INFO] %cDownload the React DevTools for a better development experience: https://react.dev/link/react-devtools font-weight:bold @ http://localhost:5173/node_modules/.vite/deps/react-dom_client.js?v=98f65651:15804
[36401822ms] [ERROR] Failed to load resource: the server responded with a status of 404 (Not Found) @ http://localhost:5173/src/game/GameApp.tsx?t=1789299209952:0
[36401822ms] [ERROR] [vite] Failed to reload /src/game/GameApp.tsx. This could be due to syntax errors or importing non-existent modules. (see errors above) @ http://localhost:5173/@vite/client:962
[36401824ms] [ERROR] Failed to load resource: the server responded with a status of 404 (Not Found) @ http://localhost:5173/src/game/ExecuteLevel.tsx?t=1789299209953:0
[36401824ms] [ERROR] [vite] Failed to reload /src/game/ExecuteLevel.tsx. This could be due to syntax errors or importing non-existent modules. (see errors above) @ http://localhost:5173/@vite/client:962
[36401944ms] [INFO] %cDownload the React DevTools for a better development experience: https://react.dev/link/react-devtools font-weight:bold @ http://localhost:5173/node_modules/.vite/deps/react-dom_client.js?v=98f65651:15804
[36402559ms] [INFO] %cDownload the React DevTools for a better development experience: https://react.dev/link/react-devtools font-weight:bold @ http://localhost:5173/node_modules/.vite/deps/react-dom_client.js?v=76631a5a:15804
[40336729ms] [LOG] [vite] server connection lost. Polling for restart... @ http://localhost:5173/@vite/client:1030
[85386473ms] [INFO] %cDownload the React DevTools for a better development experience: https://react.dev/link/react-devtools font-weight:bold @ http://localhost:5173/node_modules/.vite/deps/react-dom_client.js?v=76631a5a:15804
[85905373ms] [ERROR] Failed to load resource: the server responded with a status of 500 (Internal Server Error) @ http://localhost:5173/src/App.tsx?t=1789348713531:0
[85905374ms] [ERROR] [vite] Failed to reload /src/App.tsx. This could be due to syntax errors or importing non-existent modules. (see errors above) @ http://localhost:5173/@vite/client:962
[88771877ms] [ERROR] [vite] ReferenceError: n16Levels is not defined
    at http://localhost:5173/src/lessons/master-method.tsx?t=1789351580031:311:1 @ http://localhost:5173/@vite/client:962
[88771877ms] [ERROR] [vite] Failed to reload /src/lessons/master-method.tsx. This could be due to syntax errors or importing non-existent modules. (see errors above) @ http://localhost:5173/@vite/client:962
[90316531ms] [ERROR] [vite] SyntaxError: Identifier 'levelCount' has already been declared @ http://localhost:5173/@vite/client:962
[90316532ms] [ERROR] [vite] Failed to reload /src/lessons/merge-sort.tsx. This could be due to syntax errors or importing non-existent modules. (see errors above) @ http://localhost:5173/@vite/client:962
[90355638ms] [ERROR] [vite] SyntaxError: Identifier 'levelCount' has already been declared @ http://localhost:5173/@vite/client:962
[90355638ms] [ERROR] [vite] Failed to reload /src/lessons/merge-sort.tsx. This could be due to syntax errors or importing non-existent modules. (see errors above) @ http://localhost:5173/@vite/client:962
[90944073ms] [INFO] %cDownload the React DevTools for a better development experience: https://react.dev/link/react-devtools font-weight:bold @ http://localhost:5173/node_modules/.vite/deps/react-dom_client.js?v=76631a5a:15804
[91241224ms] [INFO] %cDownload the React DevTools for a better development experience: https://react.dev/link/react-devtools font-weight:bold @ http://localhost:5173/node_modules/.vite/deps/react-dom_client.js?v=76631a5a:15804
[91288556ms] [INFO] %cDownload the React DevTools for a better development experience: https://react.dev/link/react-devtools font-weight:bold @ http://localhost:5173/node_modules/.vite/deps/react-dom_client.js?v=76631a5a:15804
[91563271ms] [INFO] %cDownload the React DevTools for a better development experience: https://react.dev/link/react-devtools font-weight:bold @ http://localhost:5173/node_modules/.vite/deps/react-dom_client.js?v=76631a5a:15804
[94156802ms] [LOG] [vite] server connection lost. Polling for restart... @ http://localhost:5173/@vite/client:1030
[94156989ms] [INFO] %cDownload the React DevTools for a better development experience: https://react.dev/link/react-devtools font-weight:bold @ http://localhost:5173/node_modules/.vite/deps/react-dom_client.js?v=76631a5a:15804
[95395044ms] [ERROR] Failed to load resource: the server responded with a status of 500 (Internal Server Error) @ http://localhost:5173/src/App.tsx?t=1789358203191:0
[95395046ms] [ERROR] [vite] Failed to reload /src/App.tsx. This could be due to syntax errors or importing non-existent modules. (see errors above) @ http://localhost:5173/@vite/client:962
[97513052ms] [ERROR] Failed to load resource: the server responded with a status of 404 (Not Found) @ http://localhost:5173/src/components/HomePage.tsx?t=1789360320521:0
[97513058ms] [ERROR] [vite] Failed to reload /src/components/HomePage.tsx. This could be due to syntax errors or importing non-existent modules. (see errors above) @ http://localhost:5173/@vite/client:962
[97513183ms] ReferenceError: Home is not defined
    at App (http://localhost:5173/src/App.tsx?t=1789360320447:145:43)
    at Object.react_stack_bottom_frame (http://localhost:5173/node_modules/.vite/deps/react-dom_client.js?v=76631a5a:14142:12)
    at renderWithHooks (http://localhost:5173/node_modules/.vite/deps/react-dom_client.js?v=76631a5a:4400:19)
    at updateFunctionComponent (http://localhost:5173/node_modules/.vite/deps/react-dom_client.js?v=76631a5a:5775:16)
    at beginWork (http://localhost:5173/node_modules/.vite/deps/react-dom_client.js?v=76631a5a:6391:20)
    at runWithFiberInDEV (http://localhost:5173/node_modules/.vite/deps/react-dom_client.js?v=76631a5a:944:66)
    at performUnitOfWork (http://localhost:5173/node_modules/.vite/deps/react-dom_client.js?v=76631a5a:9148:92)
    at workLoopSync (http://localhost:5173/node_modules/.vite/deps/react-dom_client.js?v=76631a5a:9044:37)
    at renderRootSync (http://localhost:5173/node_modules/.vite/deps/react-dom_client.js?v=76631a5a:9028:6)
    at performWorkOnRoot (http://localhost:5173/node_modules/.vite/deps/react-dom_client.js?v=76631a5a:8715:27)
[97513148ms] [WARNING] %s

%s
 An error occurred in the <App> component. Consider adding an error boundary to your tree to customize error handling behavior.
Visit https://react.dev/link/error-boundaries to learn more about error boundaries. @ http://localhost:5173/node_modules/.vite/deps/react-dom_client.js?v=76631a5a:5450
[99304635ms] [LOG] [vite] server connection lost. Polling for restart... @ http://localhost:5173/@vite/client:1030
[99304915ms] [INFO] %cDownload the React DevTools for a better development experience: https://react.dev/link/react-devtools font-weight:bold @ http://localhost:5173/node_modules/.vite/deps/react-dom_client.js?v=76631a5a:15804
[101240550ms] [LOG] [vite] server connection lost. Polling for restart... @ http://localhost:5173/@vite/client:1030
